\BOOKMARK [1][-]{section.1}{\376\377\000I\000n\000t\000r\000o\000d\000u\000c\000t\000i\000o\000n}{}% 1
\BOOKMARK [1][-]{section.2}{\376\377\000T\000h\000e\000\040\000P\000r\000o\000b\000l\000e\000m\000:\000\040\000D\000e\000f\000i\000n\000i\000t\000i\000o\000n\000s\000\040\000W\000i\000t\000h\000o\000u\000t\000\040\000S\000t\000r\000u\000c\000t\000u\000r\000e}{}% 2
\BOOKMARK [1][-]{section.3}{\376\377\000T\000h\000e\000o\000r\000e\000t\000i\000c\000a\000l\000\040\000F\000o\000u\000n\000d\000a\000t\000i\000o\000n\000s}{}% 3
\BOOKMARK [2][-]{subsection.3.1}{\376\377\000C\000y\000b\000e\000r\000n\000e\000t\000i\000c\000s\000\040\000a\000n\000d\000\040\000R\000e\000q\000u\000i\000s\000i\000t\000e\000\040\000V\000a\000r\000i\000e\000t\000y}{section.3}% 4
\BOOKMARK [2][-]{subsection.3.2}{\376\377\000T\000h\000e\000\040\000C\000o\000m\000m\000o\000n\000s\000\040\000a\000n\000d\000\040\000C\000o\000n\000s\000t\000i\000t\000u\000t\000i\000o\000n\000a\000l\000\040\000C\000o\000n\000s\000t\000r\000a\000i\000n\000t}{section.3}% 5
\BOOKMARK [2][-]{subsection.3.3}{\376\377\000F\000r\000e\000e\000\040\000S\000o\000f\000t\000w\000a\000r\000e\000\040\000a\000n\000d\000\040\000t\000h\000e\000\040\000R\000i\000g\000h\000t\000\040\000t\000o\000\040\000R\000e\000p\000r\000o\000d\000u\000c\000e}{section.3}% 6
\BOOKMARK [1][-]{section.4}{\376\377\000T\000h\000e\000\040\000S\000t\000r\000u\000c\000t\000u\000r\000a\000l\000\040\000C\000o\000n\000d\000i\000t\000i\000o\000n\000s\000\040\000o\000f\000\040\000C\000o\000r\000r\000i\000g\000i\000b\000i\000l\000i\000t\000y}{}% 7
\BOOKMARK [2][-]{subsection.4.1}{\376\377\000T\000e\000s\000t\000\040\0001\000:\000\040\000E\000X\000I\000T\000\040\000\050\000R\000e\000v\000e\000r\000s\000i\000b\000i\000l\000i\000t\000y\000\040\000o\000f\000\040\000P\000a\000r\000t\000i\000c\000i\000p\000a\000t\000i\000o\000n\000\051}{section.4}% 8
\BOOKMARK [2][-]{subsection.4.2}{\376\377\000T\000e\000s\000t\000\040\0002\000:\000\040\000C\000O\000D\000E\000\040\000\050\000I\000n\000s\000p\000e\000c\000t\000a\000b\000i\000l\000i\000t\000y\000\040\000o\000f\000\040\000L\000o\000g\000i\000c\000\051}{section.4}% 9
\BOOKMARK [2][-]{subsection.4.3}{\376\377\000T\000e\000s\000t\000\040\0003\000:\000\040\000A\000U\000D\000I\000T\000\040\000\050\000I\000n\000d\000e\000p\000e\000n\000d\000e\000n\000t\000\040\000V\000e\000r\000i\000f\000i\000c\000a\000t\000i\000o\000n\000\051}{section.4}% 10
\BOOKMARK [2][-]{subsection.4.4}{\376\377\000T\000e\000s\000t\000\040\0004\000:\000\040\000G\000O\000V\000E\000R\000N\000\040\000\050\000C\000o\000n\000s\000t\000i\000t\000u\000t\000i\000v\000e\000\040\000C\000o\000n\000s\000t\000r\000a\000i\000n\000t\000\051}{section.4}% 11
\BOOKMARK [3][-]{subsubsection.4.4.1}{\376\377\000T\000h\000e\000\040\000P\000o\000s\000t\000-\000E\000x\000e\000c\000u\000t\000i\000o\000n\000\040\000F\000a\000l\000l\000a\000c\000y}{subsection.4.4}% 12
\BOOKMARK [3][-]{subsubsection.4.4.2}{\376\377\000S\000t\000r\000a\000t\000e\000g\000i\000c\000\040\000O\000p\000e\000n\000n\000e\000s\000s\000\040\000v\000s\000\040\000S\000t\000r\000u\000c\000t\000u\000r\000a\000l\000\040\000A\000c\000c\000o\000u\000n\000t\000a\000b\000i\000l\000i\000t\000y}{subsection.4.4}% 13
\BOOKMARK [2][-]{subsection.4.5}{\376\377\000T\000e\000s\000t\000\040\0005\000:\000\040\000F\000O\000R\000K\000\040\000\050\000I\000n\000d\000e\000p\000e\000n\000d\000e\000n\000t\000\040\000R\000e\000p\000r\000o\000d\000u\000c\000t\000i\000o\000n\000\051}{section.4}% 14
\BOOKMARK [2][-]{subsection.4.6}{\376\377\000T\000h\000e\000\040\000T\000o\000p\000o\000l\000o\000g\000y\000\040\000o\000f\000\040\000N\000e\000c\000e\000s\000s\000i\000t\000y}{section.4}% 15
\BOOKMARK [2][-]{subsection.4.7}{\376\377\000S\000t\000r\000u\000c\000t\000u\000r\000a\000l\000\040\000S\000y\000m\000m\000e\000t\000r\000y\000\040\000o\000f\000\040\000P\000o\000w\000e\000r}{section.4}% 16
\BOOKMARK [2][-]{subsection.4.8}{\376\377\000L\000a\000y\000e\000r\000-\000D\000e\000c\000o\000m\000p\000o\000s\000e\000d\000\040\000E\000v\000a\000l\000u\000a\000t\000i\000o\000n}{section.4}% 17
\BOOKMARK [3][-]{subsubsection.4.8.1}{\376\377\000P\000r\000o\000p\000a\000g\000a\000t\000i\000o\000n\000\040\000R\000u\000l\000e}{subsection.4.8}% 18
\BOOKMARK [3][-]{subsubsection.4.8.2}{\376\377\000A\000p\000p\000l\000i\000c\000a\000t\000i\000o\000n\000\040\000t\000o\000\040\000I\000d\000e\000n\000t\000i\000t\000y\000\040\000I\000n\000f\000r\000a\000s\000t\000r\000u\000c\000t\000u\000r\000e}{subsection.4.8}% 19
\BOOKMARK [3][-]{subsubsection.4.8.3}{\376\377\000T\000h\000e\000\040\000W\000e\000a\000k\000e\000s\000t\000-\000L\000a\000y\000e\000r\000\040\000P\000r\000i\000n\000c\000i\000p\000l\000e}{subsection.4.8}% 20
\BOOKMARK [1][-]{section.5}{\376\377\000T\000h\000e\000\040\000D\000y\000n\000a\000m\000i\000c\000s\000\040\000o\000f\000\040\000I\000n\000c\000o\000r\000r\000i\000g\000i\000b\000i\000l\000i\000t\000y}{}% 21
\BOOKMARK [2][-]{subsection.5.1}{\376\377\000T\000h\000e\000\040\000C\000o\000r\000r\000e\000c\000t\000i\000o\000n\000\040\000V\000e\000l\000o\000c\000i\000t\000y\000\040\000I\000n\000e\000q\000u\000a\000l\000i\000t\000y}{section.5}% 22
\BOOKMARK [2][-]{subsection.5.2}{\376\377\000T\000h\000e\000\040\000C\000o\000n\000s\000e\000r\000v\000a\000t\000i\000o\000n\000\040\000o\000f\000\040\000C\000o\000r\000r\000e\000c\000t\000i\000o\000n\000\040\000D\000e\000m\000a\000n\000d}{section.5}% 23
\BOOKMARK [3][-]{subsubsection.5.2.1}{\376\377\000G\000r\000i\000e\000v\000a\000n\000c\000e\000\040\000I\000s\000\040\000N\000o\000t\000\040\000F\000e\000e\000d\000b\000a\000c\000k}{subsection.5.2}% 24
\BOOKMARK [2][-]{subsection.5.3}{\376\377\000T\000h\000e\000\040\000S\000t\000r\000u\000c\000t\000u\000r\000a\000l\000\040\000P\000r\000e\000c\000o\000n\000d\000i\000t\000i\000o\000n\000s\000\040\000o\000f\000\040\000L\000a\000w}{section.5}% 25
\BOOKMARK [1][-]{section.6}{\376\377\000E\000x\000t\000e\000n\000s\000i\000o\000n\000\040\000t\000o\000\040\000L\000e\000a\000r\000n\000e\000d\000\040\000S\000y\000s\000t\000e\000m\000s}{}% 26
\BOOKMARK [2][-]{subsection.6.1}{\376\377\000T\000h\000e\000\040\000I\000n\000v\000a\000r\000i\000a\000n\000c\000e\000\040\000o\000f\000\040\000t\000h\000e\000\040\000S\000t\000a\000n\000d\000a\000r\000d}{section.6}% 27
\BOOKMARK [2][-]{subsection.6.2}{\376\377\000W\000h\000a\000t\000\040\000I\000s\000\040\000`\000`\000S\000o\000u\000r\000c\000e\000'\000'\000\040\000i\000n\000\040\000a\000\040\000L\000e\000a\000r\000n\000e\000d\000\040\000S\000y\000s\000t\000e\000m\000?}{section.6}% 28
\BOOKMARK [2][-]{subsection.6.3}{\376\377\000T\000h\000e\000\040\000T\000e\000m\000p\000o\000r\000a\000l\000\040\000V\000a\000r\000i\000e\000t\000y\000\040\000G\000a\000p}{section.6}% 29
\BOOKMARK [2][-]{subsection.6.4}{\376\377\000R\000e\000s\000o\000u\000r\000c\000e\000\040\000B\000a\000r\000r\000i\000e\000r\000s\000\040\000t\000o\000\040\000F\000o\000r\000k\000a\000b\000i\000l\000i\000t\000y}{section.6}% 30
\BOOKMARK [1][-]{section.7}{\376\377\000E\000m\000p\000i\000r\000i\000c\000a\000l\000\040\000E\000v\000a\000l\000u\000a\000t\000i\000o\000n}{}% 31
\BOOKMARK [2][-]{subsection.7.1}{\376\377\000G\000o\000v\000e\000r\000n\000m\000e\000n\000t\000\040\000I\000n\000f\000r\000a\000s\000t\000r\000u\000c\000t\000u\000r\000e\000:\000\040\000T\000h\000e\000\040\000T\000r\000a\000p\000\040\000o\000f\000\040\000P\000a\000r\000t\000i\000a\000l\000\040\000C\000o\000m\000p\000l\000i\000a\000n\000c\000e}{section.7}% 32
\BOOKMARK [2][-]{subsection.7.2}{\376\377\000P\000l\000a\000t\000f\000o\000r\000m\000\040\000I\000n\000f\000r\000a\000s\000t\000r\000u\000c\000t\000u\000r\000e\000:\000\040\000T\000h\000e\000\040\000I\000l\000l\000u\000s\000i\000o\000n\000\040\000o\000f\000\040\000O\000p\000e\000n\000n\000e\000s\000s}{section.7}% 33
\BOOKMARK [2][-]{subsection.7.3}{\376\377\000C\000o\000r\000r\000i\000g\000i\000b\000l\000e\000\040\000I\000n\000f\000r\000a\000s\000t\000r\000u\000c\000t\000u\000r\000e}{section.7}% 34
\BOOKMARK [2][-]{subsection.7.4}{\376\377\000T\000h\000e\000\040\000T\000a\000x\000o\000n\000o\000m\000y\000\040\000o\000f\000\040\000O\000p\000e\000n\000-\000W\000a\000s\000h\000i\000n\000g}{section.7}% 35
\BOOKMARK [3][-]{subsubsection.7.4.1}{\376\377\000D\000I\000D\000-\000W\000a\000s\000h\000i\000n\000g\000:\000\040\000T\000h\000e\000\040\000L\000a\000y\000e\000r\000\040\000C\000o\000n\000f\000u\000s\000i\000o\000n\000\040\000P\000r\000o\000b\000l\000e\000m}{subsection.7.4}% 36
\BOOKMARK [2][-]{subsection.7.5}{\376\377\000I\000m\000p\000l\000i\000c\000a\000t\000i\000o\000n\000s}{section.7}% 37
\BOOKMARK [1][-]{section.8}{\376\377\000D\000i\000s\000c\000u\000s\000s\000i\000o\000n}{}% 38
\BOOKMARK [2][-]{subsection.8.1}{\376\377\000T\000h\000e\000\040\000C\000y\000b\000e\000r\000n\000e\000t\000i\000c\000s\000\040\000o\000f\000\040\000B\000i\000n\000a\000r\000y\000\040\000E\000v\000a\000l\000u\000a\000t\000i\000o\000n}{section.8}% 39
\BOOKMARK [2][-]{subsection.8.2}{\376\377\000T\000h\000e\000\040\000P\000r\000o\000t\000o\000c\000o\000l\000\040\000M\000o\000d\000e\000l\000\040\000o\000f\000\040\000S\000t\000a\000t\000e}{section.8}% 40
\BOOKMARK [3][-]{subsubsection.8.2.1}{\376\377\000D\000i\000s\000t\000r\000i\000b\000u\000t\000e\000d\000\040\000A\000s\000s\000e\000s\000s\000m\000e\000n\000t\000\040\000C\000a\000p\000a\000c\000i\000t\000y}{subsection.8.2}% 41
\BOOKMARK [3][-]{subsubsection.8.2.2}{\376\377\000S\000t\000r\000u\000c\000t\000u\000r\000a\000l\000\040\000P\000r\000e\000c\000o\000n\000d\000i\000t\000i\000o\000n\000s\000\040\000o\000f\000\040\000L\000a\000w}{subsection.8.2}% 42
\BOOKMARK [2][-]{subsection.8.3}{\376\377\000C\000o\000r\000r\000i\000g\000i\000b\000i\000l\000i\000t\000y\000\040\000i\000n\000\040\000E\000x\000t\000r\000e\000m\000i\000s}{section.8}% 43
\BOOKMARK [2][-]{subsection.8.4}{\376\377\000A\000g\000e\000n\000t\000i\000c\000\040\000S\000c\000a\000l\000i\000n\000g\000\040\000a\000n\000d\000\040\000G\000o\000v\000e\000r\000n\000a\000n\000c\000e\000\040\000D\000e\000n\000i\000a\000l\000\040\000o\000f\000\040\000S\000e\000r\000v\000i\000c\000e}{section.8}% 44
\BOOKMARK [3][-]{subsubsection.8.4.1}{\376\377\000C\000o\000r\000r\000i\000g\000i\000b\000i\000l\000i\000t\000y\000\040\000a\000s\000\040\000a\000n\000\040\000A\000P\000I\000\040\000C\000o\000n\000t\000r\000a\000c\000t\000\040\000f\000o\000r\000\040\000A\000g\000e\000n\000t\000s}{subsection.8.4}% 45
\BOOKMARK [3][-]{subsubsection.8.4.2}{\376\377\000T\000h\000e\000\040\000H\000u\000m\000a\000n\000\040\000F\000r\000i\000c\000t\000i\000o\000n\000\040\000B\000u\000f\000f\000e\000r}{subsection.8.4}% 46
\BOOKMARK [2][-]{subsection.8.5}{\376\377\000T\000h\000e\000\040\000E\000s\000s\000e\000n\000t\000i\000a\000l\000\040\000S\000e\000r\000v\000i\000c\000e\000s\000\040\000P\000r\000o\000b\000l\000e\000m}{section.8}% 47
\BOOKMARK [3][-]{subsubsection.8.5.1}{\376\377\000T\000h\000e\000\040\000E\000s\000s\000e\000n\000t\000i\000a\000l\000i\000t\000y\000\040\000T\000r\000a\000p}{subsection.8.5}% 48
\BOOKMARK [3][-]{subsubsection.8.5.2}{\376\377\000A\000r\000c\000h\000i\000t\000e\000c\000t\000u\000r\000a\000l\000\040\000R\000e\000s\000p\000o\000n\000s\000e\000s}{subsection.8.5}% 49
\BOOKMARK [3][-]{subsubsection.8.5.3}{\376\377\000T\000h\000e\000\040\000F\000i\000n\000d\000i\000n\000g}{subsection.8.5}% 50
\BOOKMARK [2][-]{subsection.8.6}{\376\377\000T\000r\000a\000n\000s\000i\000t\000i\000o\000n\000\040\000P\000a\000t\000h\000s}{section.8}% 51
\BOOKMARK [3][-]{subsubsection.8.6.1}{\376\377\000O\000r\000d\000e\000r\000e\000d\000\040\000P\000r\000i\000o\000r\000i\000t\000i\000e\000s}{subsection.8.6}% 52
\BOOKMARK [3][-]{subsubsection.8.6.2}{\376\377\000P\000h\000a\000s\000e\000\040\000T\000r\000a\000n\000s\000i\000t\000i\000o\000n\000s}{subsection.8.6}% 53
\BOOKMARK [3][-]{subsubsection.8.6.3}{\376\377\000P\000o\000l\000i\000t\000i\000c\000a\000l\000\040\000E\000c\000o\000n\000o\000m\000y}{subsection.8.6}% 54
\BOOKMARK [3][-]{subsubsection.8.6.4}{\376\377\000C\000o\000s\000t\000\040\000C\000o\000n\000s\000i\000d\000e\000r\000a\000t\000i\000o\000n\000s}{subsection.8.6}% 55
\BOOKMARK [1][-]{section.9}{\376\377\000C\000o\000n\000c\000l\000u\000s\000i\000o\000n}{}% 56
\BOOKMARK [2][-]{subsection.9.1}{\376\377\000L\000i\000m\000i\000t\000a\000t\000i\000o\000n\000s}{section.9}% 57
\BOOKMARK [2][-]{subsection.9.2}{\376\377\000F\000u\000t\000u\000r\000e\000\040\000W\000o\000r\000k}{section.9}% 58
\BOOKMARK [1][-]{appendix.A}{\376\377\000A\000r\000c\000h\000i\000t\000e\000c\000t\000u\000r\000e\000\040\000o\000f\000\040\000A\000c\000c\000o\000u\000n\000t\000a\000b\000i\000l\000i\000t\000y}{}% 59
\BOOKMARK [2][-]{subsection.A.1}{\376\377\000L\000o\000g\000i\000c\000:\000\040\000T\000h\000e\000\040\000A\000d\000v\000e\000r\000s\000a\000r\000i\000a\000l\000\040\000M\000a\000n\000i\000f\000e\000s\000t\000s}{appendix.A}% 60
\BOOKMARK [2][-]{subsection.A.2}{\376\377\000I\000n\000t\000e\000r\000p\000r\000e\000t\000a\000t\000i\000o\000n\000:\000\040\000T\000h\000e\000\040\000N\000o\000n\000-\000A\000u\000t\000h\000o\000r\000i\000t\000a\000t\000i\000v\000e\000n\000e\000s\000s\000\040\000o\000f\000\040\000D\000e\000t\000e\000r\000m\000i\000n\000a\000t\000i\000o\000n}{appendix.A}% 61
\BOOKMARK [1][-]{appendix.B}{\376\377\000F\000o\000r\000m\000a\000l\000\040\000S\000t\000r\000u\000c\000t\000u\000r\000a\000l\000\040\000P\000r\000o\000o\000f\000s}{}% 62
\BOOKMARK [2][-]{subsection.B.1}{\376\377\000P\000r\000o\000o\000f\000\040\000o\000f\000\040\000O\000p\000e\000n\000-\000L\000o\000o\000p\000\040\000I\000n\000s\000t\000a\000b\000i\000l\000i\000t\000y\000\040\000\050\000T\000h\000e\000\040\000`\000`\000F\000a\000t\000a\000l\000\040\000F\000a\000i\000l\000u\000r\000e\000'\000'\000\040\000T\000h\000e\000o\000r\000e\000m\000\051}{appendix.B}% 63
\BOOKMARK [2][-]{subsection.B.2}{\376\377\000T\000h\000e\000\040\000S\000t\000r\000i\000c\000t\000\040\000C\000o\000r\000r\000e\000c\000t\000i\000o\000n\000\040\000V\000e\000l\000o\000c\000i\000t\000y\000\040\000I\000n\000e\000q\000u\000a\000l\000i\000t\000y}{appendix.B}% 64
\BOOKMARK [2][-]{subsection.B.3}{\376\377\000M\000a\000p\000p\000i\000n\000g\000\040\000t\000o\000\040\000t\000h\000e\000\040\000F\000i\000v\000e\000\040\000T\000e\000s\000t\000s}{appendix.B}% 65
\BOOKMARK [2][-]{subsection.B.4}{\376\377\000A\000g\000e\000n\000t\000i\000c\000\040\000I\000n\000t\000e\000r\000o\000p\000e\000r\000a\000b\000i\000l\000i\000t\000y\000\040\000R\000e\000q\000u\000i\000r\000e\000m\000e\000n\000t\000s}{appendix.B}% 66
\BOOKMARK [2][-]{subsection.B.5}{\376\377\000O\000p\000e\000r\000a\000t\000i\000o\000n\000a\000l\000\040\000P\000r\000o\000x\000i\000e\000s\000\040\000a\000n\000d\000\040\000T\000h\000r\000e\000s\000h\000o\000l\000d\000s}{appendix.B}% 67
\BOOKMARK [2][-]{subsection.B.6}{\376\377\000N\000e\000t\000w\000o\000r\000k\000\040\000A\000d\000o\000p\000t\000i\000o\000n\000\040\000M\000o\000d\000e\000l\000\040\000f\000o\000r\000\040\000F\000o\000r\000k\000\040\000F\000e\000a\000s\000i\000b\000i\000l\000i\000t\000y}{appendix.B}% 68
\BOOKMARK [2][-]{subsection.B.7}{\376\377\000E\000x\000t\000e\000n\000d\000e\000d\000\040\000F\000o\000r\000m\000a\000l\000\040\000M\000o\000d\000e\000l\000s}{appendix.B}% 69
\BOOKMARK [3][-]{subsubsection.B.7.1}{\376\377\000L\000i\000n\000e\000a\000r\000i\000z\000e\000d\000\040\000S\000e\000n\000s\000i\000t\000i\000v\000i\000t\000y\000\040\000M\000o\000d\000e\000l}{subsection.B.7}% 70
\BOOKMARK [3][-]{subsubsection.B.7.2}{\376\377\000D\000i\000s\000c\000r\000e\000t\000e\000\040\000I\000n\000t\000e\000g\000r\000a\000t\000o\000r\000\040\000E\000x\000a\000m\000p\000l\000e}{subsection.B.7}% 71
\BOOKMARK [3][-]{subsubsection.B.7.3}{\376\377\000F\000o\000r\000m\000a\000l\000\040\000E\000r\000r\000o\000r\000\040\000a\000n\000d\000\040\000C\000o\000r\000r\000e\000c\000t\000i\000o\000n\000\040\000R\000a\000t\000e\000s}{subsection.B.7}% 72
\BOOKMARK [2][-]{subsection.B.8}{\376\377\000S\000u\000m\000m\000a\000r\000y\000\040\000o\000f\000\040\000F\000o\000r\000m\000a\000l\000\040\000E\000x\000t\000e\000n\000s\000i\000o\000n\000s}{appendix.B}% 73
\BOOKMARK [1][-]{appendix.C}{\376\377\000S\000c\000h\000e\000m\000a\000\040\000S\000p\000e\000c\000i\000f\000i\000c\000a\000t\000i\000o\000n\000s\000\040\000\050\000v\0001\000.\0007\000\051}{}% 74
\BOOKMARK [2][-]{subsection.C.1}{\376\377\000I\000n\000f\000r\000a\000s\000t\000r\000u\000c\000t\000u\000r\000e\000\040\000M\000a\000n\000i\000f\000e\000s\000t\000\040\000\050\000O\000p\000e\000r\000a\000t\000o\000r\000\040\000D\000i\000s\000c\000l\000o\000s\000u\000r\000e\000\051}{appendix.C}% 75
\BOOKMARK [2][-]{subsection.C.2}{\376\377\000C\000o\000r\000r\000i\000g\000i\000b\000i\000l\000i\000t\000y\000\040\000A\000s\000s\000e\000s\000s\000m\000e\000n\000t\000\040\000\050\000A\000u\000d\000i\000t\000o\000r\000\040\000A\000s\000s\000e\000s\000s\000m\000e\000n\000t\000\051}{appendix.C}% 76
\BOOKMARK [1][-]{appendix.D}{\376\377\000V\000e\000r\000i\000f\000i\000c\000a\000t\000i\000o\000n\000\040\000a\000n\000d\000\040\000E\000n\000f\000o\000r\000c\000e\000m\000e\000n\000t}{}% 77
\BOOKMARK [2][-]{subsection.D.1}{\376\377\000N\000o\000r\000m\000a\000t\000i\000v\000e\000\040\000R\000u\000l\000e\000s}{appendix.D}% 78
\BOOKMARK [2][-]{subsection.D.2}{\376\377\000I\000d\000e\000n\000t\000i\000t\000y\000\040\000A\000s\000s\000u\000r\000a\000n\000c\000e\000\040\000M\000o\000d\000e\000l}{appendix.D}% 79
\BOOKMARK [1][-]{appendix.E}{\376\377\000F\000r\000a\000m\000e\000w\000o\000r\000k\000\040\000E\000v\000o\000l\000u\000t\000i\000o\000n}{}% 80
